>>> BaseGeometry = __import__('7-base_geometry').BaseGeometry
>>>

>>> bg.integer_validator("my_int", 12)
Traceback (most recent call last):
  File "<stdin>", line 1, in <module>
NameError: name 'bg' is not defined

>>> bg = BaseGeometry()
>>>

>>> bg.integer_validator("my_int", 12)
>>>

>>> bg.integer_validator("width", 89)
>>>

>>> try:
...     bg.integer_validator("name", "John")
... except Exception as e:
...     print("[{}] {}".format(e.__class__.__name__, e))
...
[TypeError] name must be an integer


Trying to pass a boolean value
>>> bg = BaseGeometry()
>>> bg.integer_validator("name", True)
Traceback (most recent call last):
TypeError: name must be an integer


>>> try:
...     bg.integer_validator("age", 0)
... except Exception as e:
...     print("[{}] {}".format(e.__class__.__name__, e))
...
[ValueError] age must be greater than 0


>>> try:
...     bg.integer_validator("distance", -4)
... except Exception as e:
...     print("[{}] {}".format(e.__class__.__name__, e))
...
[ValueError] distance must be greater than 0


>>> bg.integer_validator("my_int")
Traceback (most recent call last):
  File "<stdin>", line 1, in <module>
TypeError: BaseGeometry.integer_validator() missing 1 required positional argument: 'value'


>>> bg.integer_validator()
Traceback (most recent call last):
  File "<stdin>", line 1, in <module>
TypeError: BaseGeometry.integer_validator() missing 2 required positional arguments: 'name' and 'value'

>>> bg.integer_validator(NULL, 1)
Traceback (most recent call last):
  File "<stdin>", line 1, in <module>
NameError: name 'NULL' is not defined

>>> bg.area()
Traceback (most recent call last):
  File "<stdin>", line 1, in <module>
  File "/home/jk7/alx-higher_level_programming/0x0A-python-inheritance/7-base_geometry.py", line 11, in area
    raise Exception("area() is not implemented")
Exception: area() is not implemented

Passing three arguments to integer_validator
    >>> bg = BaseGeometry()
    >>> bg.integer_validator("name", 1, 2)
    Traceback (most recent call last):
    	      ...
    TypeError: BaseGeometry.integer_validator() takes 3 positional arguments but 4 were given


Passing one argument to area method
    >>> bg = BaseGeometry()
    >>> bg.area(5)
    Traceback (most recent call last):
    	      ...
    TypeError: BaseGeometry.area() takes 1 positional argument but 2 were given

Passing two arguments to area method
    >>> bg = BaseGeometry()
    >>> bg.area(5, 5)
    Traceback (most recent call last):
    TypeError: BaseGeometry.area() takes 1 positional argument but 3 were given

Passing tuple to method
    >>> bg = BaseGeometry()
    >>> bg.integer_validator("age", (4,))
    Traceback (most recent call last):
    	      ...
    TypeError: age must be an integer


Passing list to method
    >>> bg = BaseGeometry()
    >>> bg.integer_validator("age", [3])
    Traceback (most recent call last):
    	      ...
    TypeError: age must be an integer


Passing dict to method
    >>> bg = BaseGeometry()
    >>> bg.integer_validator("age", {3, 4})
    Traceback (most recent call last):
              ...
    TypeError: age must be an integer


Passing None to method
    >>> bg = BaseGeometry()
    >>> bg.integer_validator("age", None)
    Traceback (most recent call last):
              ...
    TypeError: age must be an integer
